[0m15:03:42.915896 [debug] [MainThread]: Sending event: {'category': 'dbt', 'action': 'invocation', 'label': 'start', 'context': [<snowplow_tracker.self_describing_json.SelfDescribingJson object at 0x106e60590>, <snowplow_tracker.self_describing_json.SelfDescribingJson object at 0x1117cb750>, <snowplow_tracker.self_describing_json.SelfDescribingJson object at 0x1117cb890>]}


============================== 15:03:42.918811 | f015d2d4-7815-441e-b8da-872c8433ccdf ==============================
[0m15:03:42.918811 [info ] [MainThread]: Running with dbt=1.11.5
[0m15:03:42.919163 [debug] [MainThread]: running dbt with arguments {'printer_width': '80', 'static_parser': 'True', 'cache_selected_only': 'False', 'partial_parse': 'True', 'version_check': 'True', 'fail_fast': 'False', 'empty': 'None', 'write_json': 'True', 'invocation_command': 'dbt init taxi_rides_ny', 'warn_error': 'None', 'indirect_selection': 'eager', 'send_anonymous_usage_stats': 'True', 'introspect': 'True', 'quiet': 'False', 'use_experimental_parser': 'False', 'warn_error_options': 'WarnErrorOptionsV2(error=[], warn=[], silence=[])', 'debug': 'False', 'use_colors': 'True', 'log_format': 'default', 'profiles_dir': '/Users/leonlow/.dbt', 'log_path': 'logs', 'no_print': 'None', 'target_path': 'None', 'log_cache_events': 'False'}
[0m15:03:42.922886 [info ] [MainThread]: Creating dbt configuration folder at /Users/leonlow/.dbt
[0m15:03:42.923375 [debug] [MainThread]: Starter project path: /Users/leonlow/Desktop/GitHub/learning/data-engineering/.venv/lib/python3.13/site-packages/dbt/include/starter_project
[0m15:03:42.926030 [info ] [MainThread]: 
Your new dbt project "taxi_rides_ny" was created!

For more information on how to configure the profiles.yml file,
please consult the dbt documentation here:

  https://docs.getdbt.com/docs/configure-your-profile

One more thing:

Need help? Don't hesitate to reach out to us via GitHub issues or on Slack:

  https://community.getdbt.com/

Happy modeling!

[0m15:03:42.926231 [info ] [MainThread]: Setting up your profile.
[0m15:03:54.319373 [info ] [MainThread]: Profile taxi_rides_ny written to /Users/leonlow/.dbt/profiles.yml using target's sample configuration. Once updated, you'll be able to start developing with dbt.
[0m15:03:54.332597 [debug] [MainThread]: Resource report: {"command_name": "init", "command_success": true, "command_wall_clock_time": 11.451389, "process_in_blocks": "0", "process_kernel_time": 0.091891, "process_mem_max_rss": "128729088", "process_out_blocks": "0", "process_user_time": 0.550771}
[0m15:03:54.332975 [debug] [MainThread]: Command `dbt init` succeeded at 15:03:54.332901 after 11.45 seconds
[0m15:03:54.333168 [debug] [MainThread]: Sending event: {'category': 'dbt', 'action': 'invocation', 'label': 'end', 'context': [<snowplow_tracker.self_describing_json.SelfDescribingJson object at 0x1117d2650>, <snowplow_tracker.self_describing_json.SelfDescribingJson object at 0x110cf9130>, <snowplow_tracker.self_describing_json.SelfDescribingJson object at 0x112043df0>]}
[0m15:03:54.333381 [debug] [MainThread]: Flushing usage events
[0m15:03:55.500926 [debug] [MainThread]: An error was encountered while trying to flush usage events
